23:50:18 **** Incremental Build of configuration Debug for project led_on ****
make -j8 all 
arm-none-eabi-gcc "../Src/main.c" -mcpu=cortex-m4 -std=gnu11 -g3 -DDEBUG -DSTM32 -DSTM32F4 -DSTM32F411CEUx -c -I../Inc -O0 -ffunction-sections -fdata-sections -Wall -fstack-usage -fcyclomatic-complexity -MMD -MP -MF"Src/main.d" -MT"Src/main.o" --specs=nano.specs -mfpu=fpv4-sp-d16 -mfloat-abi=hard -mthumb -o "Src/main.o"
../Src/main.c: In function 'main':
../Src/main.c:36:3: warning: this 'while' clause does not guard... [-Wmisleading-indentation]
   36 |   while (1);
      |   ^~~~~
../Src/main.c:37:3: note: ...this statement, but the latter is misleadingly indented as if it were guarded by the 'while'
   37 |   {
      |   ^
arm-none-eabi-gcc -o "led_on.elf" @"objects.list"   -mcpu=cortex-m4 -T"/home/chariss/STM32CubeIDE/workspace_1.19.0/led_on/STM32F411CEUX_FLASH.ld" --specs=nosys.specs -Wl,-Map="led_on.map" -Wl,--gc-sections -static --specs=nano.specs -mfpu=fpv4-sp-d16 -mfloat-abi=hard -mthumb -Wl,--start-group -lc -lm -Wl,--end-group
Finished building target: led_on.elf
 
arm-none-eabi-size  led_on.elf 
arm-none-eabi-objdump -h -S led_on.elf  > "led_on.list"
   text	   data	    bss	    dec	    hex	filename
    744	      0	   1568	   2312	    908	led_on.elf
Finished building: default.size.stdout
 
Finished building: led_on.list
 
23:50:32 **** Incremental Build of configuration Debug for project led_on ****
make -j8 all 
arm-none-eabi-size  led_on.elf 
   text	   data	    bss	    dec	    hex	filename
    744	      0	   1568	   2312	    908	led_on.elf
Finished building: default.size.stdout
 
23:50:46 **** Incremental Build of configuration Debug for project led_on ****
make -j8 all 
arm-none-eabi-size  led_on.elf 
   text	   data	    bss	    dec	    hex	filename
    744	      0	   1568	   2312	    908	led_on.elf
Finished building: default.size.stdout
 
00:02:06 **** Incremental Build of configuration Debug for project led_on ****
make -j8 all 
arm-none-eabi-gcc "../Src/main.c" -mcpu=cortex-m4 -std=gnu11 -g3 -DDEBUG -DSTM32 -DSTM32F4 -DSTM32F411CEUx -c -I../Inc -O0 -ffunction-sections -fdata-sections -Wall -fstack-usage -fcyclomatic-complexity -MMD -MP -MF"Src/main.d" -MT"Src/main.o" --specs=nano.specs -mfpu=fpv4-sp-d16 -mfloat-abi=hard -mthumb -o "Src/main.o"
arm-none-eabi-gcc -o "led_on.elf" @"objects.list"   -mcpu=cortex-m4 -T"/home/chariss/STM32CubeIDE/workspace_1.19.0/led_on/STM32F411CEUX_FLASH.ld" --specs=nosys.specs -Wl,-Map="led_on.map" -Wl,--gc-sections -static --specs=nano.specs -mfpu=fpv4-sp-d16 -mfloat-abi=hard -mthumb -Wl,--start-group -lc -lm -Wl,--end-group
Finished building target: led_on.elf
 
arm-none-eabi-size  led_on.elf 
arm-none-eabi-objdump -h -S led_on.elf  > "led_on.list"
   text	   data	    bss	    dec	    hex	filename
    796	      0	   1568	   2364	    93c	led_on.elf
Finished building: default.size.stdout
 
Finished building: led_on.list
 
01:04:19 **** Incremental Build of configuration Debug for project led_on ****
make -j8 all 
arm-none-eabi-gcc "../Src/main.c" -mcpu=cortex-m4 -std=gnu11 -g3 -DDEBUG -DSTM32 -DSTM32F4 -DSTM32F411CEUx -c -I../Inc -O0 -ffunction-sections -fdata-sections -Wall -fstack-usage -fcyclomatic-complexity -MMD -MP -MF"Src/main.d" -MT"Src/main.o" --specs=nano.specs -mfpu=fpv4-sp-d16 -mfloat-abi=hard -mthumb -o "Src/main.o"
../Src/main.c: In function 'main':
../Src/main.c:36:3: warning: this 'while' clause does not guard... [-Wmisleading-indentation]
   36 |   while (1);
      |   ^~~~~
../Src/main.c:37:3: note: ...this statement, but the latter is misleadingly indented as if it were guarded by the 'while'
   37 |   {
      |   ^
arm-none-eabi-gcc -o "led_on.elf" @"objects.list"   -mcpu=cortex-m4 -T"/home/chariss/STM32CubeIDE/workspace_1.19.0/led_on/STM32F411CEUX_FLASH.ld" --specs=nosys.specs -Wl,-Map="led_on.map" -Wl,--gc-sections -static --specs=nano.specs -mfpu=fpv4-sp-d16 -mfloat-abi=hard -mthumb -Wl,--start-group -lc -lm -Wl,--end-group
Finished building target: led_on.elf
 
arm-none-eabi-size  led_on.elf 
arm-none-eabi-objdump -h -S led_on.elf  > "led_on.list"
   text	   data	    bss	    dec	    hex	filename
    744	      0	   1568	   2312	    908	led_on.elf
Finished building: default.size.stdout
 
Finished building: led_on.list
 
01:04:40 **** Incremental Build of configuration Debug for project led_on ****
make -j8 all 
arm-none-eabi-size  led_on.elf 
   text	   data	    bss	    dec	    hex	filename
    744	      0	   1568	   2312	    908	led_on.elf
Finished building: default.size.stdout
 
